// Jest Snapshot v1, https://goo.gl/fbAQLP

exports[`object rest properties 1`] = `
"\\"use strict\\";

function _objectWithoutProperties(obj, keys) { var target = {}; for (var i in obj) { if (keys.indexOf(i) >= 0) continue; if (!Object.prototype.hasOwnProperty.call(obj, i)) continue; target[i] = obj[i]; } return target; }

var x = { a: 1, b: 2 };
var a = x.a,
    rest = _objectWithoutProperties(x, [\\"a\\"]);

console.log(rest.b);"
`;

exports[`object spread properties 1`] = `
"\\"use strict\\";

var _extends = Object.assign || function (target) { for (var i = 1; i < arguments.length; i++) { var source = arguments[i]; for (var key in source) { if (Object.prototype.hasOwnProperty.call(source, key)) { target[key] = source[key]; } } } return target; };

var x = { a: 1, b: 2 };var y = _extends({ a: 3 }, x);"
`;
